[2026-09-25T01:23:26Z] sprint6h v2 start, duration 6h
[2026-09-25T01:23:26Z] === SPRINT 1 start ===
[08:23:26] RUN python3 discover.py
[08:24:33] rc=0 python3 discover.py
[08:24:33] RUN python3 qualify.py --batch 15 --from-db
[08:24:34] rc=0 python3 qualify.py
[08:24:34] RUN python3 audit_report.py --from-db 60 --skip-done --workers 4
[08:24:34] rc=0 python3 audit_report.py
[08:24:34] RUN python3 contacts.py --top 400
[08:24:35] rc=0 python3 contacts.py
[08:24:35] RUN python3 contacts.py --recompute
[08:24:39] rc=0 python3 contacts.py
[08:24:39] RUN python3 build_outreach.py --max-l1 40 --max-l2 20
[08:24:39] rc=0 python3 build_outreach.py
[08:24:39] RUN python3 outreach_gate.py
[08:24:40] rc=0 python3 outreach_gate.py
[08:24:40] RUN python3 bin/dashboard.py
[08:24:40] rc=0 python3 bin/dashboard.py
[08:24:40] SUMMARY targets=1281 B>=0.4=749 audits=213 audits3+=21 contacts=141 drafts_unsent=9
SEND 714-L2b.txt to=contact@xberg.io subject='89.7% of the ja UI untranslated in xberg-io/xberg'
HOLD 716-L1.txt to=vbv@boundaryml.com subject='3 broken doc links in BoundaryML/baml'
dry run: nothing sent. Add --arm to send (transport is a stub until the owner picks one).
[08:24:41] DONE log=state/cycle-20260925T082326.log
Traceback (most recent call last):
  File "<stdin>", line 2, in <module>
AttributeError: 'sqlite3.Connection' object has no attribute 'timeout' and no __dict__ for setting new attributes
Traceback (most recent call last):
  File "<stdin>", line 2, in <module>
AttributeError: 'sqlite3.Connection' object has no attribute 'timeout' and no __dict__ for setting new attributes
[2026-09-25T01:24:41Z] SUMMARY open_urls=39 polled=39 errors=0 changes=0 merged=0 closed=0 new_comments=1 red_flags=0 bot_author_matches=0 medusa_fuse=12d_to_2026-10-07
[2026-09-25T01:24:41Z] Medusa fuse 2026-10-07: 12 days remaining
[2026-09-25T01:24:41Z] expensify_feed.py exit=0
wrote /Users/mike/oss-pipeline/WHITEHERO-DASHBOARD.html (8781 bytes)
  Qualified targets (B >= 0.4) added: 749
  Audits with evidence dirs: 213
  L1 sends / reply rate: 5 sends / 0%
  Signed retainers (cumulative): no data yet [empty table: deals]
  Proof-PR merge rate on qualified targets: 0
  Client-repo PR merge rate: no data yet [empty table: deals]
  Expensify assignment rate: no data yet [query returned NULL (no matching rows)]
  Public "automated" or "spam" callouts: 0 [0 bot-author matches logged separately; source state/watch.log]
  Cash collected (cumulative): no data yet [empty table: deals]
  Operator hours / $ per hour: no data yet [empty table: deals, hours]
  funnel All lanes (shared discovery pool) | 1281 | 749 | 213 |  |  |  | 
  funnel L1 Owner-side maintenance retainer | 5 | 5 | 5 | 5 | 0 | 0 | 0 ($0)
  funnel L2 Locale parity and add-i18n sale | 5 | 5 | 5 | 5 | 0 | 0 | 0 ($0)
  funnel L3 Expensify Help Wanted proposals | n/a | n/a | n/a | 23 | 0 | 0 | 0 ($0)
  funnel L4 Codebase-licensing referral | 0 | 0 | 0 | 0 | 0 | 0 | 0 ($0)
  funnel L5 Contribution-as-marketing packs | 0 | 0 | 0 | 0 | 0 | 0 | 0 ($0)
  contributions OPEN=41, MERGED=25, CLOSED=14, PR-BLOCKED-ISSUE-FIRST=1, IN_PROGRESS=1
  days_to_fuse=12
[2026-09-25T01:25:38Z] === SPRINT 1 done in 132s kpi=1281,749,213,141,39,25,13,0,0,0 ===
[2026-09-25T01:27:22Z] sprint6h v2 start, duration 6h
[2026-09-25T01:27:22Z] === SPRINT 1 start ===
[08:27:22] RUN python3 discover.py
[08:28:32] rc=0 python3 discover.py
[08:28:32] RUN python3 qualify.py --batch 15 --from-db
[08:28:32] rc=0 python3 qualify.py
[08:28:32] RUN python3 audit_report.py --from-db 60 --skip-done --workers 4
[08:28:32] rc=0 python3 audit_report.py
[08:28:32] RUN python3 contacts.py --top 400
[08:28:34] rc=0 python3 contacts.py
[08:28:34] RUN python3 contacts.py --recompute
[08:28:38] rc=0 python3 contacts.py
[08:28:38] RUN python3 build_outreach.py --max-l1 40 --max-l2 20
[08:28:39] rc=0 python3 build_outreach.py
[08:28:39] RUN python3 outreach_gate.py
[08:28:40] rc=0 python3 outreach_gate.py
[08:28:40] RUN python3 bin/dashboard.py
[08:28:40] rc=0 python3 bin/dashboard.py
[08:28:40] SUMMARY targets=1281 B>=0.4=749 audits=213 audits3+=21 contacts=141 drafts_unsent=9
SEND 714-L2b.txt to=contact@xberg.io subject='89.7% of the ja UI untranslated in xberg-io/xberg'
HOLD 716-L1.txt to=vbv@boundaryml.com subject='3 broken doc links in BoundaryML/baml'
dry run: nothing sent. Add --arm to send (transport is a stub until the owner picks one).
[08:28:40] DONE log=state/cycle-20260925T082722.log
contact-mining: 9/25 new contacts added
L4-seed: 10 candidates logged
[2026-09-25T01:29:24Z] SUMMARY open_urls=39 polled=39 errors=0 changes=0 merged=0 closed=0 new_comments=0 red_flags=0 bot_author_matches=0 medusa_fuse=12d_to_2026-10-07
[2026-09-25T01:29:24Z] Medusa fuse 2026-10-07: 12 days remaining
[2026-09-25T01:29:24Z] expensify_feed.py exit=0
wrote /Users/mike/oss-pipeline/WHITEHERO-DASHBOARD.html (8781 bytes)
  Qualified targets (B >= 0.4) added: 749
  Audits with evidence dirs: 213
  L1 sends / reply rate: 5 sends / 0%
  Signed retainers (cumulative): no data yet [empty table: deals]
  Proof-PR merge rate on qualified targets: 0
  Client-repo PR merge rate: no data yet [empty table: deals]
  Expensify assignment rate: no data yet [query returned NULL (no matching rows)]
  Public "automated" or "spam" callouts: 0 [0 bot-author matches logged separately; source state/watch.log]
  Cash collected (cumulative): no data yet [empty table: deals]
  Operator hours / $ per hour: no data yet [empty table: deals, hours]
  funnel All lanes (shared discovery pool) | 1281 | 749 | 213 |  |  |  | 
  funnel L1 Owner-side maintenance retainer | 5 | 5 | 5 | 5 | 0 | 0 | 0 ($0)
  funnel L2 Locale parity and add-i18n sale | 5 | 5 | 5 | 5 | 0 | 0 | 0 ($0)
  funnel L3 Expensify Help Wanted proposals | n/a | n/a | n/a | 23 | 0 | 0 | 0 ($0)
  funnel L4 Codebase-licensing referral | 0 | 0 | 0 | 0 | 0 | 0 | 0 ($0)
  funnel L5 Contribution-as-marketing packs | 0 | 0 | 0 | 0 | 0 | 0 | 0 ($0)
  contributions OPEN=41, MERGED=25, CLOSED=14, PR-BLOCKED-ISSUE-FIRST=1, IN_PROGRESS=1
  days_to_fuse=12
