[2026-09-24T16:54:29Z] sprint6h start, duration 6h
[2026-09-24T16:54:29Z] === SPRINT 1 start ===
[23:54:29] RUN python3 discover.py
[23:55:40] rc=0 python3 discover.py
[23:55:40] RUN python3 qualify.py --batch 15 --from-db
[23:55:45] rc=0 python3 qualify.py
[23:55:45] RUN python3 audit_report.py --from-db 60 --skip-done --workers 4
[23:55:45] rc=0 python3 audit_report.py
[23:55:45] RUN python3 contacts.py --top 400
[23:55:46] rc=0 python3 contacts.py
[23:55:46] RUN python3 contacts.py --recompute
[23:55:52] rc=0 python3 contacts.py
[23:55:52] RUN python3 build_outreach.py --max-l1 40 --max-l2 20
[23:55:52] rc=0 python3 build_outreach.py
[23:55:52] RUN python3 outreach_gate.py
[23:55:53] rc=0 python3 outreach_gate.py
[23:55:53] RUN python3 bin/dashboard.py
[23:55:53] rc=0 python3 bin/dashboard.py
[23:55:53] SUMMARY targets=1279 B>=0.4=747 audits=213 audits3+=21 contacts=141 drafts_unsent=9
SEND 714-L2b.txt to=contact@xberg.io subject='89.7% of the ja UI untranslated in xberg-io/xberg'
HOLD 716-L1.txt to=vbv@boundaryml.com subject='3 broken doc links in BoundaryML/baml'
dry run: nothing sent. Add --arm to send (transport is a stub until the owner picks one).
[23:55:54] DONE log=state/cycle-20260924T235429.log
[2026-09-24T16:55:54Z] SUMMARY open_urls=39 polled=39 errors=0 changes=0 merged=0 closed=0 new_comments=0 red_flags=0 bot_author_matches=0 medusa_fuse=13d_to_2026-10-07
[2026-09-24T16:55:54Z] Medusa fuse 2026-10-07: 13 days remaining
[2026-09-24T16:55:54Z] expensify_feed.py exit=0
wrote /Users/mike/oss-pipeline/WHITEHERO-DASHBOARD.html (8781 bytes)
  Qualified targets (B >= 0.4) added: 747
  Audits with evidence dirs: 213
  L1 sends / reply rate: 5 sends / 0%
  Signed retainers (cumulative): no data yet [empty table: deals]
  Proof-PR merge rate on qualified targets: 0
  Client-repo PR merge rate: no data yet [empty table: deals]
  Expensify assignment rate: no data yet [query returned NULL (no matching rows)]
  Public "automated" or "spam" callouts: 0 [0 bot-author matches logged separately; source state/watch.log]
  Cash collected (cumulative): no data yet [empty table: deals]
  Operator hours / $ per hour: no data yet [empty table: deals, hours]
  funnel All lanes (shared discovery pool) | 1279 | 747 | 213 |  |  |  | 
  funnel L1 Owner-side maintenance retainer | 5 | 5 | 5 | 5 | 0 | 0 | 0 ($0)
  funnel L2 Locale parity and add-i18n sale | 5 | 5 | 5 | 5 | 0 | 0 | 0 ($0)
  funnel L3 Expensify Help Wanted proposals | n/a | n/a | n/a | 23 | 0 | 0 | 0 ($0)
  funnel L4 Codebase-licensing referral | 0 | 0 | 0 | 0 | 0 | 0 | 0 ($0)
  funnel L5 Contribution-as-marketing packs | 0 | 0 | 0 | 0 | 0 | 0 | 0 ($0)
  contributions OPEN=41, MERGED=25, CLOSED=14, PR-BLOCKED-ISSUE-FIRST=1, IN_PROGRESS=1
  days_to_fuse=13
[2026-09-24T16:56:53Z] === SPRINT 1 done in 144s kpi=1279,747,213,141,39,25,13,0,0,0 ===
[2026-09-24T17:39:29Z] === SPRINT 2 start ===
[00:39:29] RUN python3 discover.py
[00:40:43] rc=0 python3 discover.py
[00:40:43] RUN python3 qualify.py --batch 15 --from-db
[00:40:43] rc=0 python3 qualify.py
[00:40:43] RUN python3 audit_report.py --from-db 60 --skip-done --workers 4
[00:40:43] rc=0 python3 audit_report.py
[00:40:43] RUN python3 contacts.py --top 400
[00:40:46] rc=0 python3 contacts.py
[00:40:46] RUN python3 contacts.py --recompute
[00:40:50] rc=0 python3 contacts.py
[00:40:50] RUN python3 build_outreach.py --max-l1 40 --max-l2 20
[00:40:50] rc=0 python3 build_outreach.py
[00:40:50] RUN python3 outreach_gate.py
[00:40:51] rc=1 python3 outreach_gate.py
[00:40:51] RUN python3 bin/dashboard.py
[00:40:51] rc=0 python3 bin/dashboard.py
[00:40:51] SUMMARY targets=1279 B>=0.4=747 audits=213 audits3+=21 contacts=141 drafts_unsent=9
SEND 714-L2b.txt to=contact@xberg.io subject='89.7% of the ja UI untranslated in xberg-io/xberg'
HOLD 716-L1.txt to=vbv@boundaryml.com subject='3 broken doc links in BoundaryML/baml'
dry run: nothing sent. Add --arm to send (transport is a stub until the owner picks one).
[00:40:52] DONE log=state/cycle-20260925T003929.log
[2026-09-24T17:40:52Z] SUMMARY open_urls=39 polled=39 errors=0 changes=0 merged=0 closed=0 new_comments=0 red_flags=0 bot_author_matches=0 medusa_fuse=12d_to_2026-10-07
[2026-09-24T17:40:52Z] Medusa fuse 2026-10-07: 12 days remaining
[2026-09-24T17:40:52Z] expensify_feed.py exit=0
wrote /Users/mike/oss-pipeline/WHITEHERO-DASHBOARD.html (8781 bytes)
  Qualified targets (B >= 0.4) added: 747
  Audits with evidence dirs: 213
  L1 sends / reply rate: 5 sends / 0%
  Signed retainers (cumulative): no data yet [empty table: deals]
  Proof-PR merge rate on qualified targets: 0
  Client-repo PR merge rate: no data yet [empty table: deals]
  Expensify assignment rate: no data yet [query returned NULL (no matching rows)]
  Public "automated" or "spam" callouts: 0 [0 bot-author matches logged separately; source state/watch.log]
  Cash collected (cumulative): no data yet [empty table: deals]
  Operator hours / $ per hour: no data yet [empty table: deals, hours]
  funnel All lanes (shared discovery pool) | 1279 | 747 | 213 |  |  |  | 
  funnel L1 Owner-side maintenance retainer | 5 | 5 | 5 | 5 | 0 | 0 | 0 ($0)
  funnel L2 Locale parity and add-i18n sale | 5 | 5 | 5 | 5 | 0 | 0 | 0 ($0)
  funnel L3 Expensify Help Wanted proposals | n/a | n/a | n/a | 23 | 0 | 0 | 0 ($0)
  funnel L4 Codebase-licensing referral | 0 | 0 | 0 | 0 | 0 | 0 | 0 ($0)
  funnel L5 Contribution-as-marketing packs | 0 | 0 | 0 | 0 | 0 | 0 | 0 ($0)
  contributions OPEN=41, MERGED=25, CLOSED=14, PR-BLOCKED-ISSUE-FIRST=1, IN_PROGRESS=1
  days_to_fuse=12
[2026-09-24T17:42:14Z] === SPRINT 2 done in 165s kpi=1279,747,213,141,39,25,13,0,0,0 ===
[2026-09-24T18:24:29Z] === SPRINT 3 start ===
[01:24:29] RUN python3 discover.py
[01:25:38] rc=0 python3 discover.py
[01:25:38] RUN python3 qualify.py --batch 15 --from-db
[01:25:48] rc=0 python3 qualify.py
[01:25:48] RUN python3 audit_report.py --from-db 60 --skip-done --workers 4
[01:25:48] rc=0 python3 audit_report.py
[01:25:48] RUN python3 contacts.py --top 400
[01:25:50] rc=0 python3 contacts.py
[01:25:50] RUN python3 contacts.py --recompute
[01:25:54] rc=0 python3 contacts.py
[01:25:54] RUN python3 build_outreach.py --max-l1 40 --max-l2 20
[01:25:55] rc=0 python3 build_outreach.py
[01:25:55] RUN python3 outreach_gate.py
[01:25:56] rc=0 python3 outreach_gate.py
[01:25:56] RUN python3 bin/dashboard.py
[01:25:56] rc=0 python3 bin/dashboard.py
[01:25:56] SUMMARY targets=1280 B>=0.4=748 audits=213 audits3+=21 contacts=141 drafts_unsent=9
SEND 714-L2b.txt to=contact@xberg.io subject='89.7% of the ja UI untranslated in xberg-io/xberg'
HOLD 716-L1.txt to=vbv@boundaryml.com subject='3 broken doc links in BoundaryML/baml'
dry run: nothing sent. Add --arm to send (transport is a stub until the owner picks one).
[01:25:57] DONE log=state/cycle-20260925T012429.log
[2026-09-24T18:25:57Z] SUMMARY open_urls=39 polled=39 errors=0 changes=0 merged=0 closed=0 new_comments=0 red_flags=0 bot_author_matches=0 medusa_fuse=12d_to_2026-10-07
[2026-09-24T18:25:57Z] Medusa fuse 2026-10-07: 12 days remaining
[2026-09-24T18:25:57Z] expensify_feed.py exit=0
wrote /Users/mike/oss-pipeline/WHITEHERO-DASHBOARD.html (8781 bytes)
  Qualified targets (B >= 0.4) added: 748
  Audits with evidence dirs: 213
  L1 sends / reply rate: 5 sends / 0%
  Signed retainers (cumulative): no data yet [empty table: deals]
  Proof-PR merge rate on qualified targets: 0
  Client-repo PR merge rate: no data yet [empty table: deals]
  Expensify assignment rate: no data yet [query returned NULL (no matching rows)]
  Public "automated" or "spam" callouts: 0 [0 bot-author matches logged separately; source state/watch.log]
  Cash collected (cumulative): no data yet [empty table: deals]
  Operator hours / $ per hour: no data yet [empty table: deals, hours]
  funnel All lanes (shared discovery pool) | 1280 | 748 | 213 |  |  |  | 
  funnel L1 Owner-side maintenance retainer | 5 | 5 | 5 | 5 | 0 | 0 | 0 ($0)
  funnel L2 Locale parity and add-i18n sale | 5 | 5 | 5 | 5 | 0 | 0 | 0 ($0)
  funnel L3 Expensify Help Wanted proposals | n/a | n/a | n/a | 23 | 0 | 0 | 0 ($0)
  funnel L4 Codebase-licensing referral | 0 | 0 | 0 | 0 | 0 | 0 | 0 ($0)
  funnel L5 Contribution-as-marketing packs | 0 | 0 | 0 | 0 | 0 | 0 | 0 ($0)
  contributions OPEN=41, MERGED=25, CLOSED=14, PR-BLOCKED-ISSUE-FIRST=1, IN_PROGRESS=1
  days_to_fuse=12
[2026-09-24T18:26:59Z] === SPRINT 3 done in 150s kpi=1280,748,213,141,39,25,13,0,0,0 ===
[2026-09-24T19:09:29Z] === SPRINT 4 start ===
[02:09:29] RUN python3 discover.py
[02:10:45] rc=0 python3 discover.py
[02:10:45] RUN python3 qualify.py --batch 15 --from-db
[02:10:47] rc=0 python3 qualify.py
[02:10:47] RUN python3 audit_report.py --from-db 60 --skip-done --workers 4
[02:10:47] rc=0 python3 audit_report.py
[02:10:47] RUN python3 contacts.py --top 400
[02:10:48] rc=0 python3 contacts.py
[02:10:48] RUN python3 contacts.py --recompute
[02:10:52] rc=0 python3 contacts.py
[02:10:52] RUN python3 build_outreach.py --max-l1 40 --max-l2 20
[02:10:52] rc=0 python3 build_outreach.py
[02:10:53] RUN python3 outreach_gate.py
[02:10:53] rc=0 python3 outreach_gate.py
[02:10:53] RUN python3 bin/dashboard.py
[02:10:53] rc=0 python3 bin/dashboard.py
[02:10:53] SUMMARY targets=1280 B>=0.4=748 audits=213 audits3+=21 contacts=141 drafts_unsent=9
SEND 714-L2b.txt to=contact@xberg.io subject='89.7% of the ja UI untranslated in xberg-io/xberg'
HOLD 716-L1.txt to=vbv@boundaryml.com subject='3 broken doc links in BoundaryML/baml'
dry run: nothing sent. Add --arm to send (transport is a stub until the owner picks one).
[02:10:54] DONE log=state/cycle-20260925T020929.log
[2026-09-24T19:10:54Z] SUMMARY open_urls=39 polled=39 errors=0 changes=0 merged=0 closed=0 new_comments=0 red_flags=0 bot_author_matches=0 medusa_fuse=12d_to_2026-10-07
[2026-09-24T19:10:54Z] Medusa fuse 2026-10-07: 12 days remaining
[2026-09-24T19:10:54Z] expensify_feed.py exit=0
wrote /Users/mike/oss-pipeline/WHITEHERO-DASHBOARD.html (8781 bytes)
  Qualified targets (B >= 0.4) added: 748
  Audits with evidence dirs: 213
  L1 sends / reply rate: 5 sends / 0%
  Signed retainers (cumulative): no data yet [empty table: deals]
  Proof-PR merge rate on qualified targets: 0
  Client-repo PR merge rate: no data yet [empty table: deals]
  Expensify assignment rate: no data yet [query returned NULL (no matching rows)]
  Public "automated" or "spam" callouts: 0 [0 bot-author matches logged separately; source state/watch.log]
  Cash collected (cumulative): no data yet [empty table: deals]
  Operator hours / $ per hour: no data yet [empty table: deals, hours]
  funnel All lanes (shared discovery pool) | 1280 | 748 | 213 |  |  |  | 
  funnel L1 Owner-side maintenance retainer | 5 | 5 | 5 | 5 | 0 | 0 | 0 ($0)
  funnel L2 Locale parity and add-i18n sale | 5 | 5 | 5 | 5 | 0 | 0 | 0 ($0)
  funnel L3 Expensify Help Wanted proposals | n/a | n/a | n/a | 23 | 0 | 0 | 0 ($0)
  funnel L4 Codebase-licensing referral | 0 | 0 | 0 | 0 | 0 | 0 | 0 ($0)
  funnel L5 Contribution-as-marketing packs | 0 | 0 | 0 | 0 | 0 | 0 | 0 ($0)
  contributions OPEN=41, MERGED=25, CLOSED=14, PR-BLOCKED-ISSUE-FIRST=1, IN_PROGRESS=1
  days_to_fuse=12
